#-----------------------------------------------------------
# Webtalk v2020.2 (64-bit)
# SW Build 3064766 on Wed Nov 18 09:12:45 MST 2020
# IP Build 3064653 on Wed Nov 18 14:17:31 MST 2020
# Start of session at: Fri Jul  8 15:12:55 2022
# Process ID: 28524
# Current directory: C:/Users/Payton/Vivado_Projects/Blink_OneOnOneOff_FPRAClass2/Blink_OneOnOneOff_FPRAClass2.sim/sim_1/impl/func/xsim
# Command line: wbtcv.exe -mode batch -source C:/Users/Payton/Vivado_Projects/Blink_OneOnOneOff_FPRAClass2/Blink_OneOnOneOff_FPRAClass2.sim/sim_1/impl/func/xsim/xsim.dir/Hello_func_impl/webtalk/xsim_webtalk.tcl -notrace
# Log file: C:/Users/Payton/Vivado_Projects/Blink_OneOnOneOff_FPRAClass2/Blink_OneOnOneOff_FPRAClass2.sim/sim_1/impl/func/xsim/webtalk.log
# Journal file: C:/Users/Payton/Vivado_Projects/Blink_OneOnOneOff_FPRAClass2/Blink_OneOnOneOff_FPRAClass2.sim/sim_1/impl/func/xsim\webtalk.jou
#-----------------------------------------------------------
source C:/Users/Payton/Vivado_Projects/Blink_OneOnOneOff_FPRAClass2/Blink_OneOnOneOff_FPRAClass2.sim/sim_1/impl/func/xsim/xsim.dir/Hello_func_impl/webtalk/xsim_webtalk.tcl -notrace
